Restore Archived Project report for WIB_EMULATOR_FPGA
Tue May 23 16:34:08 2017
Quartus II 64-Bit Version 14.1.0 Build 186 12/03/2014 SJ Full Version


---------------------
; Table of Contents ;
---------------------
  1. Legal Notice
  2. Restore Archived Project Summary
  3. Restore Archived Project Messages
  4. Files Restored
  5. Files Not Restored



----------------
; Legal Notice ;
----------------
Copyright (C) 1991-2014 Altera Corporation. All rights reserved.
Your use of Altera Corporation's design tools, logic functions 
and other software and tools, and its AMPP partner logic 
functions, and any output files from any of the foregoing 
(including device programming or simulation files), and any 
associated documentation or information are expressly subject 
to the terms and conditions of the Altera Program License 
Subscription Agreement, the Altera Quartus II License Agreement,
the Altera MegaCore Function License Agreement, or other 
applicable license agreement, including, without limitation, 
that your use is for the sole purpose of programming logic 
devices manufactured by Altera and sold by Altera or its 
authorized distributors.  Please refer to the applicable 
agreement for further details.



+-------------------------------------------------------------------------+
; Restore Archived Project Summary                                        ;
+---------------------------------+---------------------------------------+
; Restore Archived Project Status ; Successful - Tue May 23 16:34:08 2017 ;
; Revision Name                   ; WIB_EMULATOR_FPGA                     ;
; Top-level Entity Name           ; WIB_EMULATOR_FPGA                     ;
; Family                          ; Arria V                               ;
+---------------------------------+---------------------------------------+


+-----------------------------------+
; Restore Archived Project Messages ;
+-----------------------------------+
Info: Successfully restored 'D:/Code/WIB_EMULATOR_FPGA_V105.qar' into the 'D:/Code/WIB_EMULATOR_FPGA_V105_restored/' directory
Info: Generated report 'WIB_EMULATOR_FPGA.restore.rpt'
Info (23030): Evaluation of Tcl script d:/altera/14.1/quartus/common/tcl/apps/qpm/qar.tcl was successful
Info: Quartus II 64-Bit Shell was successful. 0 errors, 0 warnings
    Info: Peak virtual memory: 338 megabytes
    Info: Processing ended: Tue May 23 16:34:08 2017
    Info: Elapsed time: 00:00:11
    Info: Total CPU time (on all processors): 00:00:02


+---------------------------------------------------------------------------------------+
; Files Restored                                                                        ;
+---------------------------------------------------------------------------------------+
; File Name                                                                             ;
+---------------------------------------------------------------------------------------+
; qar_info.json                                                                         ;
; GXB_RX.cmp                                                                            ;
; GXB_RX.qip                                                                            ;
; GXB_RX.sip                                                                            ;
; GXB_RX.spd                                                                            ;
; GXB_RX.vhd                                                                            ;
; GXB_RX/alt_reset_ctrl_lego.sv                                                         ;
; GXB_RX/alt_reset_ctrl_tgx_cdrauto.sv                                                  ;
; GXB_RX/alt_xcvr_csr_common.sv                                                         ;
; GXB_RX/alt_xcvr_csr_common_h.sv                                                       ;
; GXB_RX/alt_xcvr_csr_pcs8g.sv                                                          ;
; GXB_RX/alt_xcvr_csr_pcs8g_h.sv                                                        ;
; GXB_RX/alt_xcvr_csr_selector.sv                                                       ;
; GXB_RX/alt_xcvr_mgmt2dec.sv                                                           ;
; GXB_RX/alt_xcvr_resync.sv                                                             ;
; GXB_RX/altera_wait_generate.v                                                         ;
; GXB_RX/altera_xcvr_data_adapter_av.sv                                                 ;
; GXB_RX/altera_xcvr_functions.sv                                                       ;
; GXB_RX/altera_xcvr_native_av.sv                                                       ;
; GXB_RX/altera_xcvr_native_av_functions_h.sv                                           ;
; GXB_RX/av_hssi_8g_rx_pcs_rbc.sv                                                       ;
; GXB_RX/av_hssi_8g_tx_pcs_rbc.sv                                                       ;
; GXB_RX/av_hssi_common_pcs_pma_interface_rbc.sv                                        ;
; GXB_RX/av_hssi_common_pld_pcs_interface_rbc.sv                                        ;
; GXB_RX/av_hssi_pipe_gen1_2_rbc.sv                                                     ;
; GXB_RX/av_hssi_rx_pcs_pma_interface_rbc.sv                                            ;
; GXB_RX/av_hssi_rx_pld_pcs_interface_rbc.sv                                            ;
; GXB_RX/av_hssi_tx_pcs_pma_interface_rbc.sv                                            ;
; GXB_RX/av_hssi_tx_pld_pcs_interface_rbc.sv                                            ;
; GXB_RX/av_pcs.sv                                                                      ;
; GXB_RX/av_pcs_ch.sv                                                                   ;
; GXB_RX/av_pma.sv                                                                      ;
; GXB_RX/av_reconfig_bundle_to_basic.sv                                                 ;
; GXB_RX/av_reconfig_bundle_to_xcvr.sv                                                  ;
; GXB_RX/av_rx_pma.sv                                                                   ;
; GXB_RX/av_tx_pma.sv                                                                   ;
; GXB_RX/av_tx_pma_ch.sv                                                                ;
; GXB_RX/av_xcvr_avmm.sv                                                                ;
; GXB_RX/av_xcvr_avmm_csr.sv                                                            ;
; GXB_RX/av_xcvr_data_adapter.sv                                                        ;
; GXB_RX/av_xcvr_h.sv                                                                   ;
; GXB_RX/av_xcvr_native.sv                                                              ;
; GXB_RX/av_xcvr_plls.sv                                                                ;
; GXB_RX/plain_files.txt                                                                ;
; GXB_RX/sv_reconfig_bundle_merger.sv                                                   ;
; GXB_RX/sv_reconfig_bundle_to_ip.sv                                                    ;
; GXB_RX/sv_reconfig_bundle_to_xcvr.sv                                                  ;
; GXB_RX_sim/GXB_RX.vhd                                                                 ;
; GXB_RX_sim/altera_xcvr_native_av/aldec_files.txt                                      ;
; GXB_RX_sim/altera_xcvr_native_av/alt_reset_ctrl_lego.sv                               ;
; GXB_RX_sim/altera_xcvr_native_av/alt_reset_ctrl_tgx_cdrauto.sv                        ;
; GXB_RX_sim/altera_xcvr_native_av/alt_xcvr_csr_common.sv                               ;
; GXB_RX_sim/altera_xcvr_native_av/alt_xcvr_csr_common_h.sv                             ;
; GXB_RX_sim/altera_xcvr_native_av/alt_xcvr_csr_pcs8g.sv                                ;
; GXB_RX_sim/altera_xcvr_native_av/alt_xcvr_csr_pcs8g_h.sv                              ;
; GXB_RX_sim/altera_xcvr_native_av/alt_xcvr_csr_selector.sv                             ;
; GXB_RX_sim/altera_xcvr_native_av/alt_xcvr_mgmt2dec.sv                                 ;
; GXB_RX_sim/altera_xcvr_native_av/alt_xcvr_resync.sv                                   ;
; GXB_RX_sim/altera_xcvr_native_av/altera_wait_generate.v                               ;
; GXB_RX_sim/altera_xcvr_native_av/altera_xcvr_data_adapter_av.sv                       ;
; GXB_RX_sim/altera_xcvr_native_av/altera_xcvr_functions.sv                             ;
; GXB_RX_sim/altera_xcvr_native_av/altera_xcvr_native_av.sv                             ;
; GXB_RX_sim/altera_xcvr_native_av/altera_xcvr_native_av_functions_h.sv                 ;
; GXB_RX_sim/altera_xcvr_native_av/av_hssi_8g_rx_pcs_rbc.sv                             ;
; GXB_RX_sim/altera_xcvr_native_av/av_hssi_8g_tx_pcs_rbc.sv                             ;
; GXB_RX_sim/altera_xcvr_native_av/av_hssi_common_pcs_pma_interface_rbc.sv              ;
; GXB_RX_sim/altera_xcvr_native_av/av_hssi_common_pld_pcs_interface_rbc.sv              ;
; GXB_RX_sim/altera_xcvr_native_av/av_hssi_pipe_gen1_2_rbc.sv                           ;
; GXB_RX_sim/altera_xcvr_native_av/av_hssi_rx_pcs_pma_interface_rbc.sv                  ;
; GXB_RX_sim/altera_xcvr_native_av/av_hssi_rx_pld_pcs_interface_rbc.sv                  ;
; GXB_RX_sim/altera_xcvr_native_av/av_hssi_tx_pcs_pma_interface_rbc.sv                  ;
; GXB_RX_sim/altera_xcvr_native_av/av_hssi_tx_pld_pcs_interface_rbc.sv                  ;
; GXB_RX_sim/altera_xcvr_native_av/av_pcs.sv                                            ;
; GXB_RX_sim/altera_xcvr_native_av/av_pcs_ch.sv                                         ;
; GXB_RX_sim/altera_xcvr_native_av/av_pma.sv                                            ;
; GXB_RX_sim/altera_xcvr_native_av/av_reconfig_bundle_to_basic.sv                       ;
; GXB_RX_sim/altera_xcvr_native_av/av_reconfig_bundle_to_xcvr.sv                        ;
; GXB_RX_sim/altera_xcvr_native_av/av_rx_pma.sv                                         ;
; GXB_RX_sim/altera_xcvr_native_av/av_tx_pma.sv                                         ;
; GXB_RX_sim/altera_xcvr_native_av/av_tx_pma_ch.sv                                      ;
; GXB_RX_sim/altera_xcvr_native_av/av_xcvr_avmm.sv                                      ;
; GXB_RX_sim/altera_xcvr_native_av/av_xcvr_avmm_csr.sv                                  ;
; GXB_RX_sim/altera_xcvr_native_av/av_xcvr_data_adapter.sv                              ;
; GXB_RX_sim/altera_xcvr_native_av/av_xcvr_h.sv                                         ;
; GXB_RX_sim/altera_xcvr_native_av/av_xcvr_native.sv                                    ;
; GXB_RX_sim/altera_xcvr_native_av/av_xcvr_plls.sv                                      ;
; GXB_RX_sim/altera_xcvr_native_av/cadence_files.txt                                    ;
; GXB_RX_sim/altera_xcvr_native_av/mentor/alt_reset_ctrl_lego.sv                        ;
; GXB_RX_sim/altera_xcvr_native_av/mentor/alt_reset_ctrl_tgx_cdrauto.sv                 ;
; GXB_RX_sim/altera_xcvr_native_av/mentor/alt_xcvr_csr_common.sv                        ;
; GXB_RX_sim/altera_xcvr_native_av/mentor/alt_xcvr_csr_common_h.sv                      ;
; GXB_RX_sim/altera_xcvr_native_av/mentor/alt_xcvr_csr_pcs8g.sv                         ;
; GXB_RX_sim/altera_xcvr_native_av/mentor/alt_xcvr_csr_pcs8g_h.sv                       ;
; GXB_RX_sim/altera_xcvr_native_av/mentor/alt_xcvr_csr_selector.sv                      ;
; GXB_RX_sim/altera_xcvr_native_av/mentor/alt_xcvr_mgmt2dec.sv                          ;
; GXB_RX_sim/altera_xcvr_native_av/mentor/alt_xcvr_resync.sv                            ;
; GXB_RX_sim/altera_xcvr_native_av/mentor/altera_wait_generate.v                        ;
; GXB_RX_sim/altera_xcvr_native_av/mentor/altera_xcvr_data_adapter_av.sv                ;
; GXB_RX_sim/altera_xcvr_native_av/mentor/altera_xcvr_functions.sv                      ;
; GXB_RX_sim/altera_xcvr_native_av/mentor/altera_xcvr_native_av.sv                      ;
; GXB_RX_sim/altera_xcvr_native_av/mentor/altera_xcvr_native_av_functions_h.sv          ;
; GXB_RX_sim/altera_xcvr_native_av/mentor/av_hssi_8g_rx_pcs_rbc.sv                      ;
; GXB_RX_sim/altera_xcvr_native_av/mentor/av_hssi_8g_tx_pcs_rbc.sv                      ;
; GXB_RX_sim/altera_xcvr_native_av/mentor/av_hssi_common_pcs_pma_interface_rbc.sv       ;
; GXB_RX_sim/altera_xcvr_native_av/mentor/av_hssi_common_pld_pcs_interface_rbc.sv       ;
; GXB_RX_sim/altera_xcvr_native_av/mentor/av_hssi_pipe_gen1_2_rbc.sv                    ;
; GXB_RX_sim/altera_xcvr_native_av/mentor/av_hssi_rx_pcs_pma_interface_rbc.sv           ;
; GXB_RX_sim/altera_xcvr_native_av/mentor/av_hssi_rx_pld_pcs_interface_rbc.sv           ;
; GXB_RX_sim/altera_xcvr_native_av/mentor/av_hssi_tx_pcs_pma_interface_rbc.sv           ;
; GXB_RX_sim/altera_xcvr_native_av/mentor/av_hssi_tx_pld_pcs_interface_rbc.sv           ;
; GXB_RX_sim/altera_xcvr_native_av/mentor/av_pcs.sv                                     ;
; GXB_RX_sim/altera_xcvr_native_av/mentor/av_pcs_ch.sv                                  ;
; GXB_RX_sim/altera_xcvr_native_av/mentor/av_pma.sv                                     ;
; GXB_RX_sim/altera_xcvr_native_av/mentor/av_reconfig_bundle_to_basic.sv                ;
; GXB_RX_sim/altera_xcvr_native_av/mentor/av_reconfig_bundle_to_xcvr.sv                 ;
; GXB_RX_sim/altera_xcvr_native_av/mentor/av_rx_pma.sv                                  ;
; GXB_RX_sim/altera_xcvr_native_av/mentor/av_tx_pma.sv                                  ;
; GXB_RX_sim/altera_xcvr_native_av/mentor/av_tx_pma_ch.sv                               ;
; GXB_RX_sim/altera_xcvr_native_av/mentor/av_xcvr_avmm.sv                               ;
; GXB_RX_sim/altera_xcvr_native_av/mentor/av_xcvr_avmm_csr.sv                           ;
; GXB_RX_sim/altera_xcvr_native_av/mentor/av_xcvr_data_adapter.sv                       ;
; GXB_RX_sim/altera_xcvr_native_av/mentor/av_xcvr_h.sv                                  ;
; GXB_RX_sim/altera_xcvr_native_av/mentor/av_xcvr_native.sv                             ;
; GXB_RX_sim/altera_xcvr_native_av/mentor/av_xcvr_plls.sv                               ;
; GXB_RX_sim/altera_xcvr_native_av/mentor/sv_reconfig_bundle_merger.sv                  ;
; GXB_RX_sim/altera_xcvr_native_av/mentor/sv_reconfig_bundle_to_ip.sv                   ;
; GXB_RX_sim/altera_xcvr_native_av/mentor/sv_reconfig_bundle_to_xcvr.sv                 ;
; GXB_RX_sim/altera_xcvr_native_av/mentor_files.txt                                     ;
; GXB_RX_sim/altera_xcvr_native_av/plain_files.txt                                      ;
; GXB_RX_sim/altera_xcvr_native_av/sv_reconfig_bundle_merger.sv                         ;
; GXB_RX_sim/altera_xcvr_native_av/sv_reconfig_bundle_to_ip.sv                          ;
; GXB_RX_sim/altera_xcvr_native_av/sv_reconfig_bundle_to_xcvr.sv                        ;
; GXB_RX_sim/altera_xcvr_native_av/synopsys_files.txt                                   ;
; I2c_master.vhd                                                                        ;
; I2c_master_addr16.vhd                                                                 ;
; RECV_FIFO.cmp                                                                         ;
; RECV_FIFO.qip                                                                         ;
; RECV_FIFO.vhd                                                                         ;
; RX_FEMB_UDP_FF.cmp                                                                    ;
; RX_FEMB_UDP_FF.qip                                                                    ;
; RX_FEMB_UDP_FF.vhd                                                                    ;
; SBND_HSRX.vhd                                                                         ;
; SBND_HSRX_EMU.vhd                                                                     ;
; SBND_PWM_CLK_ENCODER.vhd                                                              ;
; SYSTEM_SYNC_PLL.cmp                                                                   ;
; SYSTEM_SYNC_PLL.qip                                                                   ;
; SYSTEM_SYNC_PLL.sip                                                                   ;
; SYSTEM_SYNC_PLL.spd                                                                   ;
; SYSTEM_SYNC_PLL.vhd                                                                   ;
; SYSTEM_SYNC_PLL/SYSTEM_SYNC_PLL_0002.qip                                              ;
; SYSTEM_SYNC_PLL/SYSTEM_SYNC_PLL_0002.v                                                ;
; SYSTEM_SYNC_PLL_sim/SYSTEM_SYNC_PLL.vho                                               ;
; SbndPkg.vhd                                                                           ;
; UDP_IO.vhd                                                                            ;
; WIB_EMULATOR_FPGA.qpf                                                                 ;
; WIB_EMULATOR_FPGA.qsf                                                                 ;
; WIB_EMULATOR_FPGA.sdc                                                                 ;
; WIB_EMULATOR_FPGA.vhd                                                                 ;
; WIB_FEMB_COMM.vhd                                                                     ;
; WIB_FEMB_COMM_TOP_EMU.vhd                                                             ;
; WIB_PLL_SYS.cmp                                                                       ;
; WIB_PLL_SYS.qip                                                                       ;
; WIB_PLL_SYS.sip                                                                       ;
; WIB_PLL_SYS.spd                                                                       ;
; WIB_PLL_SYS.vhd                                                                       ;
; WIB_PLL_SYS/WIB_PLL_SYS_0002.qip                                                      ;
; WIB_PLL_SYS/WIB_PLL_SYS_0002.v                                                        ;
; WIB_PLL_SYS_sim/WIB_PLL_SYS.vho                                                       ;
; WIB_REC_PKT.vhd                                                                       ;
; WIB_SBND_FPGA.qsf                                                                     ;
; WIB_SBND_FPGA_assignment_defaults.qdf                                                 ;
; WIB_TSE.cmp                                                                           ;
; WIB_TSE.qip                                                                           ;
; WIB_TSE.sip                                                                           ;
; WIB_TSE.spd                                                                           ;
; WIB_TSE.vhd                                                                           ;
; WIB_TSE/WIB_TSE_0002.v                                                                ;
; WIB_TSE/alt_xcvr_arbiter.sv                                                           ;
; WIB_TSE/alt_xcvr_csr_common.sv                                                        ;
; WIB_TSE/alt_xcvr_csr_common_h.sv                                                      ;
; WIB_TSE/alt_xcvr_csr_pcs8g.sv                                                         ;
; WIB_TSE/alt_xcvr_csr_pcs8g_h.sv                                                       ;
; WIB_TSE/alt_xcvr_csr_selector.sv                                                      ;
; WIB_TSE/alt_xcvr_m2s.sv                                                               ;
; WIB_TSE/alt_xcvr_mgmt2dec.sv                                                          ;
; WIB_TSE/alt_xcvr_reset_counter.sv                                                     ;
; WIB_TSE/alt_xcvr_resync.sv                                                            ;
; WIB_TSE/altera_eth_tse_avalon_arbiter.v                                               ;
; WIB_TSE/altera_eth_tse_mac.sdc                                                        ;
; WIB_TSE/altera_eth_tse_mac.v                                                          ;
; WIB_TSE/altera_eth_tse_pcs_pma_phyip.sdc                                              ;
; WIB_TSE/altera_eth_tse_pcs_pma_phyip.v                                                ;
; WIB_TSE/altera_eth_tse_phyip_terminator.v                                             ;
; WIB_TSE/altera_reset_controller.sdc                                                   ;
; WIB_TSE/altera_reset_controller.v                                                     ;
; WIB_TSE/altera_reset_synchronizer.v                                                   ;
; WIB_TSE/altera_tse_a_fifo_13.v                                                        ;
; WIB_TSE/altera_tse_a_fifo_24.v                                                        ;
; WIB_TSE/altera_tse_a_fifo_34.v                                                        ;
; WIB_TSE/altera_tse_a_fifo_opt_1246.v                                                  ;
; WIB_TSE/altera_tse_a_fifo_opt_14_44.v                                                 ;
; WIB_TSE/altera_tse_a_fifo_opt_36_10.v                                                 ;
; WIB_TSE/altera_tse_align_sync.v                                                       ;
; WIB_TSE/altera_tse_altshifttaps.v                                                     ;
; WIB_TSE/altera_tse_altsyncram_dpm_fifo.v                                              ;
; WIB_TSE/altera_tse_bin_cnt.v                                                          ;
; WIB_TSE/altera_tse_carrier_sense.v                                                    ;
; WIB_TSE/altera_tse_clk_cntl.v                                                         ;
; WIB_TSE/altera_tse_clk_gen.v                                                          ;
; WIB_TSE/altera_tse_clock_crosser.v                                                    ;
; WIB_TSE/altera_tse_colision_detect.v                                                  ;
; WIB_TSE/altera_tse_crc328checker.v                                                    ;
; WIB_TSE/altera_tse_crc328generator.v                                                  ;
; WIB_TSE/altera_tse_crc32ctl8.v                                                        ;
; WIB_TSE/altera_tse_crc32galois8.v                                                     ;
; WIB_TSE/altera_tse_dec10b8b.v                                                         ;
; WIB_TSE/altera_tse_dec_func.v                                                         ;
; WIB_TSE/altera_tse_dpram_16x32.v                                                      ;
; WIB_TSE/altera_tse_dpram_8x32.v                                                       ;
; WIB_TSE/altera_tse_dpram_ecc_16x32.v                                                  ;
; WIB_TSE/altera_tse_ecc_dec_x10.v                                                      ;
; WIB_TSE/altera_tse_ecc_dec_x14.v                                                      ;
; WIB_TSE/altera_tse_ecc_dec_x2.v                                                       ;
; WIB_TSE/altera_tse_ecc_dec_x23.v                                                      ;
; WIB_TSE/altera_tse_ecc_dec_x30.v                                                      ;
; WIB_TSE/altera_tse_ecc_dec_x36.v                                                      ;
; WIB_TSE/altera_tse_ecc_dec_x40.v                                                      ;
; WIB_TSE/altera_tse_ecc_enc_x10.v                                                      ;
; WIB_TSE/altera_tse_ecc_enc_x10_wrapper.v                                              ;
; WIB_TSE/altera_tse_ecc_enc_x14.v                                                      ;
; WIB_TSE/altera_tse_ecc_enc_x14_wrapper.v                                              ;
; WIB_TSE/altera_tse_ecc_enc_x2.v                                                       ;
; WIB_TSE/altera_tse_ecc_enc_x23.v                                                      ;
; WIB_TSE/altera_tse_ecc_enc_x23_wrapper.v                                              ;
; WIB_TSE/altera_tse_ecc_enc_x2_wrapper.v                                               ;
; WIB_TSE/altera_tse_ecc_enc_x30.v                                                      ;
; WIB_TSE/altera_tse_ecc_enc_x30_wrapper.v                                              ;
; WIB_TSE/altera_tse_ecc_enc_x36.v                                                      ;
; WIB_TSE/altera_tse_ecc_enc_x36_wrapper.v                                              ;
; WIB_TSE/altera_tse_ecc_enc_x40.v                                                      ;
; WIB_TSE/altera_tse_ecc_enc_x40_wrapper.v                                              ;
; WIB_TSE/altera_tse_ecc_status_crosser.v                                               ;
; WIB_TSE/altera_tse_enc8b10b.v                                                         ;
; WIB_TSE/altera_tse_fake_master.v                                                      ;
; WIB_TSE/altera_tse_false_path_marker.v                                                ;
; WIB_TSE/altera_tse_fifoless_mac_rx.v                                                  ;
; WIB_TSE/altera_tse_fifoless_mac_tx.v                                                  ;
; WIB_TSE/altera_tse_fifoless_retransmit_cntl.v                                         ;
; WIB_TSE/altera_tse_gmii_io.v                                                          ;
; WIB_TSE/altera_tse_gray_cnt.v                                                         ;
; WIB_TSE/altera_tse_gxb_aligned_rxsync.v                                               ;
; WIB_TSE/altera_tse_hashing.v                                                          ;
; WIB_TSE/altera_tse_host_control.v                                                     ;
; WIB_TSE/altera_tse_host_control_small.v                                               ;
; WIB_TSE/altera_tse_lb_read_cntl.v                                                     ;
; WIB_TSE/altera_tse_lb_wrt_cntl.v                                                      ;
; WIB_TSE/altera_tse_lfsr_10.v                                                          ;
; WIB_TSE/altera_tse_loopback_ff.v                                                      ;
; WIB_TSE/altera_tse_mac_control.v                                                      ;
; WIB_TSE/altera_tse_mac_rx.v                                                           ;
; WIB_TSE/altera_tse_mac_tx.v                                                           ;
; WIB_TSE/altera_tse_magic_detection.v                                                  ;
; WIB_TSE/altera_tse_mdio.v                                                             ;
; WIB_TSE/altera_tse_mdio_clk_gen.v                                                     ;
; WIB_TSE/altera_tse_mdio_cntl.v                                                        ;
; WIB_TSE/altera_tse_mdio_reg.v                                                         ;
; WIB_TSE/altera_tse_mii_rx_if.v                                                        ;
; WIB_TSE/altera_tse_mii_rx_if_pcs.v                                                    ;
; WIB_TSE/altera_tse_mii_tx_if.v                                                        ;
; WIB_TSE/altera_tse_mii_tx_if_pcs.v                                                    ;
; WIB_TSE/altera_tse_nf_rgmii_module.v                                                  ;
; WIB_TSE/altera_tse_pcs_control.v                                                      ;
; WIB_TSE/altera_tse_pcs_host_control.v                                                 ;
; WIB_TSE/altera_tse_ph_calculator.sv                                                   ;
; WIB_TSE/altera_tse_pipeline_base.v                                                    ;
; WIB_TSE/altera_tse_pipeline_stage.sv                                                  ;
; WIB_TSE/altera_tse_quad_16x32.v                                                       ;
; WIB_TSE/altera_tse_quad_8x32.v                                                        ;
; WIB_TSE/altera_tse_register_map.v                                                     ;
; WIB_TSE/altera_tse_register_map_small.v                                               ;
; WIB_TSE/altera_tse_reset_ctrl_lego.sv                                                 ;
; WIB_TSE/altera_tse_reset_sequencer.sv                                                 ;
; WIB_TSE/altera_tse_reset_synchronizer.v                                               ;
; WIB_TSE/altera_tse_retransmit_cntl.v                                                  ;
; WIB_TSE/altera_tse_rgmii_in1.v                                                        ;
; WIB_TSE/altera_tse_rgmii_in4.v                                                        ;
; WIB_TSE/altera_tse_rgmii_module.v                                                     ;
; WIB_TSE/altera_tse_rgmii_out1.v                                                       ;
; WIB_TSE/altera_tse_rgmii_out4.v                                                       ;
; WIB_TSE/altera_tse_rx_converter.v                                                     ;
; WIB_TSE/altera_tse_rx_counter_cntl.v                                                  ;
; WIB_TSE/altera_tse_rx_encapsulation.v                                                 ;
; WIB_TSE/altera_tse_rx_encapsulation_strx_gx.v                                         ;
; WIB_TSE/altera_tse_rx_ff.v                                                            ;
; WIB_TSE/altera_tse_rx_ff_cntrl.v                                                      ;
; WIB_TSE/altera_tse_rx_ff_cntrl_32.v                                                   ;
; WIB_TSE/altera_tse_rx_ff_cntrl_32_shift16.v                                           ;
; WIB_TSE/altera_tse_rx_ff_length.v                                                     ;
; WIB_TSE/altera_tse_rx_fifo_rd.v                                                       ;
; WIB_TSE/altera_tse_rx_min_ff.v                                                        ;
; WIB_TSE/altera_tse_rx_stat_extract.v                                                  ;
; WIB_TSE/altera_tse_rx_sync.v                                                          ;
; WIB_TSE/altera_tse_sdpm_altsyncram.v                                                  ;
; WIB_TSE/altera_tse_sdpm_gen.v                                                         ;
; WIB_TSE/altera_tse_sgmii_clk_cntl.v                                                   ;
; WIB_TSE/altera_tse_sgmii_clk_div.v                                                    ;
; WIB_TSE/altera_tse_sgmii_clk_enable.v                                                 ;
; WIB_TSE/altera_tse_shared_mac_control.v                                               ;
; WIB_TSE/altera_tse_shared_register_map.v                                              ;
; WIB_TSE/altera_tse_timing_adapter32.v                                                 ;
; WIB_TSE/altera_tse_timing_adapter8.v                                                  ;
; WIB_TSE/altera_tse_timing_adapter_fifo32.v                                            ;
; WIB_TSE/altera_tse_timing_adapter_fifo8.v                                             ;
; WIB_TSE/altera_tse_top_1000_base_x.ocp                                                ;
; WIB_TSE/altera_tse_top_1000_base_x.v                                                  ;
; WIB_TSE/altera_tse_top_1000_base_x_strx_gx.ocp                                        ;
; WIB_TSE/altera_tse_top_1000_base_x_strx_gx.v                                          ;
; WIB_TSE/altera_tse_top_1geth.v                                                        ;
; WIB_TSE/altera_tse_top_autoneg.v                                                      ;
; WIB_TSE/altera_tse_top_fifoless_1geth.v                                               ;
; WIB_TSE/altera_tse_top_gen_host.v                                                     ;
; WIB_TSE/altera_tse_top_mdio.v                                                         ;
; WIB_TSE/altera_tse_top_pcs.v                                                          ;
; WIB_TSE/altera_tse_top_pcs_strx_gx.v                                                  ;
; WIB_TSE/altera_tse_top_rx.v                                                           ;
; WIB_TSE/altera_tse_top_rx_converter.v                                                 ;
; WIB_TSE/altera_tse_top_sgmii.v                                                        ;
; WIB_TSE/altera_tse_top_sgmii_strx_gx.v                                                ;
; WIB_TSE/altera_tse_top_tx.v                                                           ;
; WIB_TSE/altera_tse_top_tx_converter.v                                                 ;
; WIB_TSE/altera_tse_top_w_fifo.v                                                       ;
; WIB_TSE/altera_tse_top_w_fifo_10_100_1000.ocp                                         ;
; WIB_TSE/altera_tse_top_w_fifo_10_100_1000.v                                           ;
; WIB_TSE/altera_tse_top_wo_fifo.v                                                      ;
; WIB_TSE/altera_tse_top_wo_fifo_10_100_1000.ocp                                        ;
; WIB_TSE/altera_tse_top_wo_fifo_10_100_1000.v                                          ;
; WIB_TSE/altera_tse_tx_converter.v                                                     ;
; WIB_TSE/altera_tse_tx_counter_cntl.v                                                  ;
; WIB_TSE/altera_tse_tx_encapsulation.v                                                 ;
; WIB_TSE/altera_tse_tx_ff.v                                                            ;
; WIB_TSE/altera_tse_tx_ff_cntrl.v                                                      ;
; WIB_TSE/altera_tse_tx_ff_cntrl_32.v                                                   ;
; WIB_TSE/altera_tse_tx_ff_cntrl_32_shift16.v                                           ;
; WIB_TSE/altera_tse_tx_ff_length.v                                                     ;
; WIB_TSE/altera_tse_tx_ff_read_cntl.v                                                  ;
; WIB_TSE/altera_tse_tx_min_ff.v                                                        ;
; WIB_TSE/altera_tse_tx_stat_extract.v                                                  ;
; WIB_TSE/altera_tse_xcvr_resync.v                                                      ;
; WIB_TSE/altera_wait_generate.v                                                        ;
; WIB_TSE/altera_xcvr_custom.sv                                                         ;
; WIB_TSE/altera_xcvr_functions.sv                                                      ;
; WIB_TSE/altera_xcvr_reset_control.sv                                                  ;
; WIB_TSE/av_hssi_8g_rx_pcs_rbc.sv                                                      ;
; WIB_TSE/av_hssi_8g_tx_pcs_rbc.sv                                                      ;
; WIB_TSE/av_hssi_common_pcs_pma_interface_rbc.sv                                       ;
; WIB_TSE/av_hssi_common_pld_pcs_interface_rbc.sv                                       ;
; WIB_TSE/av_hssi_pipe_gen1_2_rbc.sv                                                    ;
; WIB_TSE/av_hssi_rx_pcs_pma_interface_rbc.sv                                           ;
; WIB_TSE/av_hssi_rx_pld_pcs_interface_rbc.sv                                           ;
; WIB_TSE/av_hssi_tx_pcs_pma_interface_rbc.sv                                           ;
; WIB_TSE/av_hssi_tx_pld_pcs_interface_rbc.sv                                           ;
; WIB_TSE/av_pcs.sv                                                                     ;
; WIB_TSE/av_pcs_ch.sv                                                                  ;
; WIB_TSE/av_pma.sv                                                                     ;
; WIB_TSE/av_reconfig_bundle_to_basic.sv                                                ;
; WIB_TSE/av_reconfig_bundle_to_xcvr.sv                                                 ;
; WIB_TSE/av_rx_pma.sv                                                                  ;
; WIB_TSE/av_tx_pma.sv                                                                  ;
; WIB_TSE/av_tx_pma_ch.sv                                                               ;
; WIB_TSE/av_xcvr_avmm.sv                                                               ;
; WIB_TSE/av_xcvr_avmm_csr.sv                                                           ;
; WIB_TSE/av_xcvr_custom_native.sv                                                      ;
; WIB_TSE/av_xcvr_custom_nr.sv                                                          ;
; WIB_TSE/av_xcvr_data_adapter.sv                                                       ;
; WIB_TSE/av_xcvr_h.sv                                                                  ;
; WIB_TSE/av_xcvr_native.sv                                                             ;
; WIB_TSE/av_xcvr_plls.sv                                                               ;
; WIB_TSE/plain_files.txt                                                               ;
; WIB_TSE/sv_reconfig_bundle_merger.sv                                                  ;
; WIB_TSE/sv_reconfig_bundle_to_ip.sv                                                   ;
; WIB_TSE/sv_reconfig_bundle_to_xcvr.sv                                                 ;
; WIB_TSE_sim/WIB_TSE.vhd                                                               ;
; WIB_TSE_sim/altera_eth_tse_avalon_arbiter/aldec/altera_eth_tse_avalon_arbiter.v       ;
; WIB_TSE_sim/altera_eth_tse_avalon_arbiter/mentor/altera_eth_tse_avalon_arbiter.v      ;
; WIB_TSE_sim/altera_eth_tse_mac/aldec/altera_eth_tse_mac.v                             ;
; WIB_TSE_sim/altera_eth_tse_mac/aldec/altera_tse_a_fifo_13.v                           ;
; WIB_TSE_sim/altera_eth_tse_mac/aldec/altera_tse_a_fifo_24.v                           ;
; WIB_TSE_sim/altera_eth_tse_mac/aldec/altera_tse_a_fifo_34.v                           ;
; WIB_TSE_sim/altera_eth_tse_mac/aldec/altera_tse_a_fifo_opt_1246.v                     ;
; WIB_TSE_sim/altera_eth_tse_mac/aldec/altera_tse_a_fifo_opt_14_44.v                    ;
; WIB_TSE_sim/altera_eth_tse_mac/aldec/altera_tse_a_fifo_opt_36_10.v                    ;
; WIB_TSE_sim/altera_eth_tse_mac/aldec/altera_tse_altshifttaps.v                        ;
; WIB_TSE_sim/altera_eth_tse_mac/aldec/altera_tse_altsyncram_dpm_fifo.v                 ;
; WIB_TSE_sim/altera_eth_tse_mac/aldec/altera_tse_bin_cnt.v                             ;
; WIB_TSE_sim/altera_eth_tse_mac/aldec/altera_tse_clk_cntl.v                            ;
; WIB_TSE_sim/altera_eth_tse_mac/aldec/altera_tse_clock_crosser.v                       ;
; WIB_TSE_sim/altera_eth_tse_mac/aldec/altera_tse_crc328checker.v                       ;
; WIB_TSE_sim/altera_eth_tse_mac/aldec/altera_tse_crc328generator.v                     ;
; WIB_TSE_sim/altera_eth_tse_mac/aldec/altera_tse_crc32ctl8.v                           ;
; WIB_TSE_sim/altera_eth_tse_mac/aldec/altera_tse_crc32galois8.v                        ;
; WIB_TSE_sim/altera_eth_tse_mac/aldec/altera_tse_dpram_16x32.v                         ;
; WIB_TSE_sim/altera_eth_tse_mac/aldec/altera_tse_dpram_8x32.v                          ;
; WIB_TSE_sim/altera_eth_tse_mac/aldec/altera_tse_dpram_ecc_16x32.v                     ;
; WIB_TSE_sim/altera_eth_tse_mac/aldec/altera_tse_ecc_dec_x10.v                         ;
; WIB_TSE_sim/altera_eth_tse_mac/aldec/altera_tse_ecc_dec_x14.v                         ;
; WIB_TSE_sim/altera_eth_tse_mac/aldec/altera_tse_ecc_dec_x2.v                          ;
; WIB_TSE_sim/altera_eth_tse_mac/aldec/altera_tse_ecc_dec_x23.v                         ;
; WIB_TSE_sim/altera_eth_tse_mac/aldec/altera_tse_ecc_dec_x30.v                         ;
; WIB_TSE_sim/altera_eth_tse_mac/aldec/altera_tse_ecc_dec_x36.v                         ;
; WIB_TSE_sim/altera_eth_tse_mac/aldec/altera_tse_ecc_dec_x40.v                         ;
; WIB_TSE_sim/altera_eth_tse_mac/aldec/altera_tse_ecc_enc_x10.v                         ;
; WIB_TSE_sim/altera_eth_tse_mac/aldec/altera_tse_ecc_enc_x10_wrapper.v                 ;
; WIB_TSE_sim/altera_eth_tse_mac/aldec/altera_tse_ecc_enc_x14.v                         ;
; WIB_TSE_sim/altera_eth_tse_mac/aldec/altera_tse_ecc_enc_x14_wrapper.v                 ;
; WIB_TSE_sim/altera_eth_tse_mac/aldec/altera_tse_ecc_enc_x2.v                          ;
; WIB_TSE_sim/altera_eth_tse_mac/aldec/altera_tse_ecc_enc_x23.v                         ;
; WIB_TSE_sim/altera_eth_tse_mac/aldec/altera_tse_ecc_enc_x23_wrapper.v                 ;
; WIB_TSE_sim/altera_eth_tse_mac/aldec/altera_tse_ecc_enc_x2_wrapper.v                  ;
; WIB_TSE_sim/altera_eth_tse_mac/aldec/altera_tse_ecc_enc_x30.v                         ;
; WIB_TSE_sim/altera_eth_tse_mac/aldec/altera_tse_ecc_enc_x30_wrapper.v                 ;
; WIB_TSE_sim/altera_eth_tse_mac/aldec/altera_tse_ecc_enc_x36.v                         ;
; WIB_TSE_sim/altera_eth_tse_mac/aldec/altera_tse_ecc_enc_x36_wrapper.v                 ;
; WIB_TSE_sim/altera_eth_tse_mac/aldec/altera_tse_ecc_enc_x40.v                         ;
; WIB_TSE_sim/altera_eth_tse_mac/aldec/altera_tse_ecc_enc_x40_wrapper.v                 ;
; WIB_TSE_sim/altera_eth_tse_mac/aldec/altera_tse_ecc_status_crosser.v                  ;
; WIB_TSE_sim/altera_eth_tse_mac/aldec/altera_tse_false_path_marker.v                   ;
; WIB_TSE_sim/altera_eth_tse_mac/aldec/altera_tse_fifoless_mac_rx.v                     ;
; WIB_TSE_sim/altera_eth_tse_mac/aldec/altera_tse_fifoless_mac_tx.v                     ;
; WIB_TSE_sim/altera_eth_tse_mac/aldec/altera_tse_fifoless_retransmit_cntl.v            ;
; WIB_TSE_sim/altera_eth_tse_mac/aldec/altera_tse_gmii_io.v                             ;
; WIB_TSE_sim/altera_eth_tse_mac/aldec/altera_tse_gray_cnt.v                            ;
; WIB_TSE_sim/altera_eth_tse_mac/aldec/altera_tse_hashing.v                             ;
; WIB_TSE_sim/altera_eth_tse_mac/aldec/altera_tse_host_control.v                        ;
; WIB_TSE_sim/altera_eth_tse_mac/aldec/altera_tse_host_control_small.v                  ;
; WIB_TSE_sim/altera_eth_tse_mac/aldec/altera_tse_lb_read_cntl.v                        ;
; WIB_TSE_sim/altera_eth_tse_mac/aldec/altera_tse_lb_wrt_cntl.v                         ;
; WIB_TSE_sim/altera_eth_tse_mac/aldec/altera_tse_lfsr_10.v                             ;
; WIB_TSE_sim/altera_eth_tse_mac/aldec/altera_tse_loopback_ff.v                         ;
; WIB_TSE_sim/altera_eth_tse_mac/aldec/altera_tse_mac_control.v                         ;
; WIB_TSE_sim/altera_eth_tse_mac/aldec/altera_tse_mac_rx.v                              ;
; WIB_TSE_sim/altera_eth_tse_mac/aldec/altera_tse_mac_tx.v                              ;
; WIB_TSE_sim/altera_eth_tse_mac/aldec/altera_tse_magic_detection.v                     ;
; WIB_TSE_sim/altera_eth_tse_mac/aldec/altera_tse_mdio.v                                ;
; WIB_TSE_sim/altera_eth_tse_mac/aldec/altera_tse_mdio_clk_gen.v                        ;
; WIB_TSE_sim/altera_eth_tse_mac/aldec/altera_tse_mdio_cntl.v                           ;
; WIB_TSE_sim/altera_eth_tse_mac/aldec/altera_tse_mii_rx_if.v                           ;
; WIB_TSE_sim/altera_eth_tse_mac/aldec/altera_tse_mii_tx_if.v                           ;
; WIB_TSE_sim/altera_eth_tse_mac/aldec/altera_tse_nf_rgmii_module.v                     ;
; WIB_TSE_sim/altera_eth_tse_mac/aldec/altera_tse_ph_calculator.sv                      ;
; WIB_TSE_sim/altera_eth_tse_mac/aldec/altera_tse_pipeline_base.v                       ;
; WIB_TSE_sim/altera_eth_tse_mac/aldec/altera_tse_pipeline_stage.sv                     ;
; WIB_TSE_sim/altera_eth_tse_mac/aldec/altera_tse_quad_16x32.v                          ;
; WIB_TSE_sim/altera_eth_tse_mac/aldec/altera_tse_quad_8x32.v                           ;
; WIB_TSE_sim/altera_eth_tse_mac/aldec/altera_tse_register_map.v                        ;
; WIB_TSE_sim/altera_eth_tse_mac/aldec/altera_tse_register_map_small.v                  ;
; WIB_TSE_sim/altera_eth_tse_mac/aldec/altera_tse_reset_synchronizer.v                  ;
; WIB_TSE_sim/altera_eth_tse_mac/aldec/altera_tse_retransmit_cntl.v                     ;
; WIB_TSE_sim/altera_eth_tse_mac/aldec/altera_tse_rgmii_in1.v                           ;
; WIB_TSE_sim/altera_eth_tse_mac/aldec/altera_tse_rgmii_in4.v                           ;
; WIB_TSE_sim/altera_eth_tse_mac/aldec/altera_tse_rgmii_module.v                        ;
; WIB_TSE_sim/altera_eth_tse_mac/aldec/altera_tse_rgmii_out1.v                          ;
; WIB_TSE_sim/altera_eth_tse_mac/aldec/altera_tse_rgmii_out4.v                          ;
; WIB_TSE_sim/altera_eth_tse_mac/aldec/altera_tse_rx_counter_cntl.v                     ;
; WIB_TSE_sim/altera_eth_tse_mac/aldec/altera_tse_rx_ff.v                               ;
; WIB_TSE_sim/altera_eth_tse_mac/aldec/altera_tse_rx_ff_cntrl.v                         ;
; WIB_TSE_sim/altera_eth_tse_mac/aldec/altera_tse_rx_ff_cntrl_32.v                      ;
; WIB_TSE_sim/altera_eth_tse_mac/aldec/altera_tse_rx_ff_cntrl_32_shift16.v              ;
; WIB_TSE_sim/altera_eth_tse_mac/aldec/altera_tse_rx_ff_length.v                        ;
; WIB_TSE_sim/altera_eth_tse_mac/aldec/altera_tse_rx_min_ff.v                           ;
; WIB_TSE_sim/altera_eth_tse_mac/aldec/altera_tse_rx_stat_extract.v                     ;
; WIB_TSE_sim/altera_eth_tse_mac/aldec/altera_tse_sdpm_altsyncram.v                     ;
; WIB_TSE_sim/altera_eth_tse_mac/aldec/altera_tse_sdpm_gen.v                            ;
; WIB_TSE_sim/altera_eth_tse_mac/aldec/altera_tse_shared_mac_control.v                  ;
; WIB_TSE_sim/altera_eth_tse_mac/aldec/altera_tse_shared_register_map.v                 ;
; WIB_TSE_sim/altera_eth_tse_mac/aldec/altera_tse_timing_adapter32.v                    ;
; WIB_TSE_sim/altera_eth_tse_mac/aldec/altera_tse_timing_adapter8.v                     ;
; WIB_TSE_sim/altera_eth_tse_mac/aldec/altera_tse_timing_adapter_fifo32.v               ;
; WIB_TSE_sim/altera_eth_tse_mac/aldec/altera_tse_timing_adapter_fifo8.v                ;
; WIB_TSE_sim/altera_eth_tse_mac/aldec/altera_tse_top_1geth.v                           ;
; WIB_TSE_sim/altera_eth_tse_mac/aldec/altera_tse_top_fifoless_1geth.v                  ;
; WIB_TSE_sim/altera_eth_tse_mac/aldec/altera_tse_top_gen_host.v                        ;
; WIB_TSE_sim/altera_eth_tse_mac/aldec/altera_tse_top_mdio.v                            ;
; WIB_TSE_sim/altera_eth_tse_mac/aldec/altera_tse_top_w_fifo.v                          ;
; WIB_TSE_sim/altera_eth_tse_mac/aldec/altera_tse_top_w_fifo_10_100_1000.v              ;
; WIB_TSE_sim/altera_eth_tse_mac/aldec/altera_tse_top_wo_fifo.v                         ;
; WIB_TSE_sim/altera_eth_tse_mac/aldec/altera_tse_top_wo_fifo_10_100_1000.v             ;
; WIB_TSE_sim/altera_eth_tse_mac/aldec/altera_tse_tx_counter_cntl.v                     ;
; WIB_TSE_sim/altera_eth_tse_mac/aldec/altera_tse_tx_ff.v                               ;
; WIB_TSE_sim/altera_eth_tse_mac/aldec/altera_tse_tx_ff_cntrl.v                         ;
; WIB_TSE_sim/altera_eth_tse_mac/aldec/altera_tse_tx_ff_cntrl_32.v                      ;
; WIB_TSE_sim/altera_eth_tse_mac/aldec/altera_tse_tx_ff_cntrl_32_shift16.v              ;
; WIB_TSE_sim/altera_eth_tse_mac/aldec/altera_tse_tx_ff_length.v                        ;
; WIB_TSE_sim/altera_eth_tse_mac/aldec/altera_tse_tx_ff_read_cntl.v                     ;
; WIB_TSE_sim/altera_eth_tse_mac/aldec/altera_tse_tx_min_ff.v                           ;
; WIB_TSE_sim/altera_eth_tse_mac/aldec/altera_tse_tx_stat_extract.v                     ;
; WIB_TSE_sim/altera_eth_tse_mac/mentor/altera_eth_tse_mac.v                            ;
; WIB_TSE_sim/altera_eth_tse_mac/mentor/altera_tse_a_fifo_13.v                          ;
; WIB_TSE_sim/altera_eth_tse_mac/mentor/altera_tse_a_fifo_24.v                          ;
; WIB_TSE_sim/altera_eth_tse_mac/mentor/altera_tse_a_fifo_34.v                          ;
; WIB_TSE_sim/altera_eth_tse_mac/mentor/altera_tse_a_fifo_opt_1246.v                    ;
; WIB_TSE_sim/altera_eth_tse_mac/mentor/altera_tse_a_fifo_opt_14_44.v                   ;
; WIB_TSE_sim/altera_eth_tse_mac/mentor/altera_tse_a_fifo_opt_36_10.v                   ;
; WIB_TSE_sim/altera_eth_tse_mac/mentor/altera_tse_altshifttaps.v                       ;
; WIB_TSE_sim/altera_eth_tse_mac/mentor/altera_tse_altsyncram_dpm_fifo.v                ;
; WIB_TSE_sim/altera_eth_tse_mac/mentor/altera_tse_bin_cnt.v                            ;
; WIB_TSE_sim/altera_eth_tse_mac/mentor/altera_tse_clk_cntl.v                           ;
; WIB_TSE_sim/altera_eth_tse_mac/mentor/altera_tse_clock_crosser.v                      ;
; WIB_TSE_sim/altera_eth_tse_mac/mentor/altera_tse_crc328checker.v                      ;
; WIB_TSE_sim/altera_eth_tse_mac/mentor/altera_tse_crc328generator.v                    ;
; WIB_TSE_sim/altera_eth_tse_mac/mentor/altera_tse_crc32ctl8.v                          ;
; WIB_TSE_sim/altera_eth_tse_mac/mentor/altera_tse_crc32galois8.v                       ;
; WIB_TSE_sim/altera_eth_tse_mac/mentor/altera_tse_dpram_16x32.v                        ;
; WIB_TSE_sim/altera_eth_tse_mac/mentor/altera_tse_dpram_8x32.v                         ;
; WIB_TSE_sim/altera_eth_tse_mac/mentor/altera_tse_dpram_ecc_16x32.v                    ;
; WIB_TSE_sim/altera_eth_tse_mac/mentor/altera_tse_ecc_dec_x10.v                        ;
; WIB_TSE_sim/altera_eth_tse_mac/mentor/altera_tse_ecc_dec_x14.v                        ;
; WIB_TSE_sim/altera_eth_tse_mac/mentor/altera_tse_ecc_dec_x2.v                         ;
; WIB_TSE_sim/altera_eth_tse_mac/mentor/altera_tse_ecc_dec_x23.v                        ;
; WIB_TSE_sim/altera_eth_tse_mac/mentor/altera_tse_ecc_dec_x30.v                        ;
; WIB_TSE_sim/altera_eth_tse_mac/mentor/altera_tse_ecc_dec_x36.v                        ;
; WIB_TSE_sim/altera_eth_tse_mac/mentor/altera_tse_ecc_dec_x40.v                        ;
; WIB_TSE_sim/altera_eth_tse_mac/mentor/altera_tse_ecc_enc_x10.v                        ;
; WIB_TSE_sim/altera_eth_tse_mac/mentor/altera_tse_ecc_enc_x10_wrapper.v                ;
; WIB_TSE_sim/altera_eth_tse_mac/mentor/altera_tse_ecc_enc_x14.v                        ;
; WIB_TSE_sim/altera_eth_tse_mac/mentor/altera_tse_ecc_enc_x14_wrapper.v                ;
; WIB_TSE_sim/altera_eth_tse_mac/mentor/altera_tse_ecc_enc_x2.v                         ;
; WIB_TSE_sim/altera_eth_tse_mac/mentor/altera_tse_ecc_enc_x23.v                        ;
; WIB_TSE_sim/altera_eth_tse_mac/mentor/altera_tse_ecc_enc_x23_wrapper.v                ;
; WIB_TSE_sim/altera_eth_tse_mac/mentor/altera_tse_ecc_enc_x2_wrapper.v                 ;
; WIB_TSE_sim/altera_eth_tse_mac/mentor/altera_tse_ecc_enc_x30.v                        ;
; WIB_TSE_sim/altera_eth_tse_mac/mentor/altera_tse_ecc_enc_x30_wrapper.v                ;
; WIB_TSE_sim/altera_eth_tse_mac/mentor/altera_tse_ecc_enc_x36.v                        ;
; WIB_TSE_sim/altera_eth_tse_mac/mentor/altera_tse_ecc_enc_x36_wrapper.v                ;
; WIB_TSE_sim/altera_eth_tse_mac/mentor/altera_tse_ecc_enc_x40.v                        ;
; WIB_TSE_sim/altera_eth_tse_mac/mentor/altera_tse_ecc_enc_x40_wrapper.v                ;
; WIB_TSE_sim/altera_eth_tse_mac/mentor/altera_tse_ecc_status_crosser.v                 ;
; WIB_TSE_sim/altera_eth_tse_mac/mentor/altera_tse_false_path_marker.v                  ;
; WIB_TSE_sim/altera_eth_tse_mac/mentor/altera_tse_fifoless_mac_rx.v                    ;
; WIB_TSE_sim/altera_eth_tse_mac/mentor/altera_tse_fifoless_mac_tx.v                    ;
; WIB_TSE_sim/altera_eth_tse_mac/mentor/altera_tse_fifoless_retransmit_cntl.v           ;
; WIB_TSE_sim/altera_eth_tse_mac/mentor/altera_tse_gmii_io.v                            ;
; WIB_TSE_sim/altera_eth_tse_mac/mentor/altera_tse_gray_cnt.v                           ;
; WIB_TSE_sim/altera_eth_tse_mac/mentor/altera_tse_hashing.v                            ;
; WIB_TSE_sim/altera_eth_tse_mac/mentor/altera_tse_host_control.v                       ;
; WIB_TSE_sim/altera_eth_tse_mac/mentor/altera_tse_host_control_small.v                 ;
; WIB_TSE_sim/altera_eth_tse_mac/mentor/altera_tse_lb_read_cntl.v                       ;
; WIB_TSE_sim/altera_eth_tse_mac/mentor/altera_tse_lb_wrt_cntl.v                        ;
; WIB_TSE_sim/altera_eth_tse_mac/mentor/altera_tse_lfsr_10.v                            ;
; WIB_TSE_sim/altera_eth_tse_mac/mentor/altera_tse_loopback_ff.v                        ;
; WIB_TSE_sim/altera_eth_tse_mac/mentor/altera_tse_mac_control.v                        ;
; WIB_TSE_sim/altera_eth_tse_mac/mentor/altera_tse_mac_rx.v                             ;
; WIB_TSE_sim/altera_eth_tse_mac/mentor/altera_tse_mac_tx.v                             ;
; WIB_TSE_sim/altera_eth_tse_mac/mentor/altera_tse_magic_detection.v                    ;
; WIB_TSE_sim/altera_eth_tse_mac/mentor/altera_tse_mdio.v                               ;
; WIB_TSE_sim/altera_eth_tse_mac/mentor/altera_tse_mdio_clk_gen.v                       ;
; WIB_TSE_sim/altera_eth_tse_mac/mentor/altera_tse_mdio_cntl.v                          ;
; WIB_TSE_sim/altera_eth_tse_mac/mentor/altera_tse_mii_rx_if.v                          ;
; WIB_TSE_sim/altera_eth_tse_mac/mentor/altera_tse_mii_tx_if.v                          ;
; WIB_TSE_sim/altera_eth_tse_mac/mentor/altera_tse_nf_rgmii_module.v                    ;
; WIB_TSE_sim/altera_eth_tse_mac/mentor/altera_tse_ph_calculator.sv                     ;
; WIB_TSE_sim/altera_eth_tse_mac/mentor/altera_tse_pipeline_base.v                      ;
; WIB_TSE_sim/altera_eth_tse_mac/mentor/altera_tse_pipeline_stage.sv                    ;
; WIB_TSE_sim/altera_eth_tse_mac/mentor/altera_tse_quad_16x32.v                         ;
; WIB_TSE_sim/altera_eth_tse_mac/mentor/altera_tse_quad_8x32.v                          ;
; WIB_TSE_sim/altera_eth_tse_mac/mentor/altera_tse_register_map.v                       ;
; WIB_TSE_sim/altera_eth_tse_mac/mentor/altera_tse_register_map_small.v                 ;
; WIB_TSE_sim/altera_eth_tse_mac/mentor/altera_tse_reset_synchronizer.v                 ;
; WIB_TSE_sim/altera_eth_tse_mac/mentor/altera_tse_retransmit_cntl.v                    ;
; WIB_TSE_sim/altera_eth_tse_mac/mentor/altera_tse_rgmii_in1.v                          ;
; WIB_TSE_sim/altera_eth_tse_mac/mentor/altera_tse_rgmii_in4.v                          ;
; WIB_TSE_sim/altera_eth_tse_mac/mentor/altera_tse_rgmii_module.v                       ;
; WIB_TSE_sim/altera_eth_tse_mac/mentor/altera_tse_rgmii_out1.v                         ;
; WIB_TSE_sim/altera_eth_tse_mac/mentor/altera_tse_rgmii_out4.v                         ;
; WIB_TSE_sim/altera_eth_tse_mac/mentor/altera_tse_rx_counter_cntl.v                    ;
; WIB_TSE_sim/altera_eth_tse_mac/mentor/altera_tse_rx_ff.v                              ;
; WIB_TSE_sim/altera_eth_tse_mac/mentor/altera_tse_rx_ff_cntrl.v                        ;
; WIB_TSE_sim/altera_eth_tse_mac/mentor/altera_tse_rx_ff_cntrl_32.v                     ;
; WIB_TSE_sim/altera_eth_tse_mac/mentor/altera_tse_rx_ff_cntrl_32_shift16.v             ;
; WIB_TSE_sim/altera_eth_tse_mac/mentor/altera_tse_rx_ff_length.v                       ;
; WIB_TSE_sim/altera_eth_tse_mac/mentor/altera_tse_rx_min_ff.v                          ;
; WIB_TSE_sim/altera_eth_tse_mac/mentor/altera_tse_rx_stat_extract.v                    ;
; WIB_TSE_sim/altera_eth_tse_mac/mentor/altera_tse_sdpm_altsyncram.v                    ;
; WIB_TSE_sim/altera_eth_tse_mac/mentor/altera_tse_sdpm_gen.v                           ;
; WIB_TSE_sim/altera_eth_tse_mac/mentor/altera_tse_shared_mac_control.v                 ;
; WIB_TSE_sim/altera_eth_tse_mac/mentor/altera_tse_shared_register_map.v                ;
; WIB_TSE_sim/altera_eth_tse_mac/mentor/altera_tse_timing_adapter32.v                   ;
; WIB_TSE_sim/altera_eth_tse_mac/mentor/altera_tse_timing_adapter8.v                    ;
; WIB_TSE_sim/altera_eth_tse_mac/mentor/altera_tse_timing_adapter_fifo32.v              ;
; WIB_TSE_sim/altera_eth_tse_mac/mentor/altera_tse_timing_adapter_fifo8.v               ;
; WIB_TSE_sim/altera_eth_tse_mac/mentor/altera_tse_top_1geth.v                          ;
; WIB_TSE_sim/altera_eth_tse_mac/mentor/altera_tse_top_fifoless_1geth.v                 ;
; WIB_TSE_sim/altera_eth_tse_mac/mentor/altera_tse_top_gen_host.v                       ;
; WIB_TSE_sim/altera_eth_tse_mac/mentor/altera_tse_top_mdio.v                           ;
; WIB_TSE_sim/altera_eth_tse_mac/mentor/altera_tse_top_w_fifo.v                         ;
; WIB_TSE_sim/altera_eth_tse_mac/mentor/altera_tse_top_w_fifo_10_100_1000.v             ;
; WIB_TSE_sim/altera_eth_tse_mac/mentor/altera_tse_top_wo_fifo.v                        ;
; WIB_TSE_sim/altera_eth_tse_mac/mentor/altera_tse_top_wo_fifo_10_100_1000.v            ;
; WIB_TSE_sim/altera_eth_tse_mac/mentor/altera_tse_tx_counter_cntl.v                    ;
; WIB_TSE_sim/altera_eth_tse_mac/mentor/altera_tse_tx_ff.v                              ;
; WIB_TSE_sim/altera_eth_tse_mac/mentor/altera_tse_tx_ff_cntrl.v                        ;
; WIB_TSE_sim/altera_eth_tse_mac/mentor/altera_tse_tx_ff_cntrl_32.v                     ;
; WIB_TSE_sim/altera_eth_tse_mac/mentor/altera_tse_tx_ff_cntrl_32_shift16.v             ;
; WIB_TSE_sim/altera_eth_tse_mac/mentor/altera_tse_tx_ff_length.v                       ;
; WIB_TSE_sim/altera_eth_tse_mac/mentor/altera_tse_tx_ff_read_cntl.v                    ;
; WIB_TSE_sim/altera_eth_tse_mac/mentor/altera_tse_tx_min_ff.v                          ;
; WIB_TSE_sim/altera_eth_tse_mac/mentor/altera_tse_tx_stat_extract.v                    ;
; WIB_TSE_sim/altera_eth_tse_pcs_pma_phyip/aldec/altera_eth_tse_pcs_pma_phyip.v         ;
; WIB_TSE_sim/altera_eth_tse_pcs_pma_phyip/aldec/altera_tse_a_fifo_13.v                 ;
; WIB_TSE_sim/altera_eth_tse_pcs_pma_phyip/aldec/altera_tse_a_fifo_24.v                 ;
; WIB_TSE_sim/altera_eth_tse_pcs_pma_phyip/aldec/altera_tse_a_fifo_34.v                 ;
; WIB_TSE_sim/altera_eth_tse_pcs_pma_phyip/aldec/altera_tse_a_fifo_opt_1246.v           ;
; WIB_TSE_sim/altera_eth_tse_pcs_pma_phyip/aldec/altera_tse_a_fifo_opt_14_44.v          ;
; WIB_TSE_sim/altera_eth_tse_pcs_pma_phyip/aldec/altera_tse_a_fifo_opt_36_10.v          ;
; WIB_TSE_sim/altera_eth_tse_pcs_pma_phyip/aldec/altera_tse_align_sync.v                ;
; WIB_TSE_sim/altera_eth_tse_pcs_pma_phyip/aldec/altera_tse_altsyncram_dpm_fifo.v       ;
; WIB_TSE_sim/altera_eth_tse_pcs_pma_phyip/aldec/altera_tse_bin_cnt.v                   ;
; WIB_TSE_sim/altera_eth_tse_pcs_pma_phyip/aldec/altera_tse_carrier_sense.v             ;
; WIB_TSE_sim/altera_eth_tse_pcs_pma_phyip/aldec/altera_tse_clk_gen.v                   ;
; WIB_TSE_sim/altera_eth_tse_pcs_pma_phyip/aldec/altera_tse_clock_crosser.v             ;
; WIB_TSE_sim/altera_eth_tse_pcs_pma_phyip/aldec/altera_tse_colision_detect.v           ;
; WIB_TSE_sim/altera_eth_tse_pcs_pma_phyip/aldec/altera_tse_dec10b8b.v                  ;
; WIB_TSE_sim/altera_eth_tse_pcs_pma_phyip/aldec/altera_tse_dec_func.v                  ;
; WIB_TSE_sim/altera_eth_tse_pcs_pma_phyip/aldec/altera_tse_ecc_dec_x10.v               ;
; WIB_TSE_sim/altera_eth_tse_pcs_pma_phyip/aldec/altera_tse_ecc_dec_x14.v               ;
; WIB_TSE_sim/altera_eth_tse_pcs_pma_phyip/aldec/altera_tse_ecc_dec_x2.v                ;
; WIB_TSE_sim/altera_eth_tse_pcs_pma_phyip/aldec/altera_tse_ecc_dec_x23.v               ;
; WIB_TSE_sim/altera_eth_tse_pcs_pma_phyip/aldec/altera_tse_ecc_dec_x30.v               ;
; WIB_TSE_sim/altera_eth_tse_pcs_pma_phyip/aldec/altera_tse_ecc_dec_x36.v               ;
; WIB_TSE_sim/altera_eth_tse_pcs_pma_phyip/aldec/altera_tse_ecc_dec_x40.v               ;
; WIB_TSE_sim/altera_eth_tse_pcs_pma_phyip/aldec/altera_tse_ecc_enc_x10.v               ;
; WIB_TSE_sim/altera_eth_tse_pcs_pma_phyip/aldec/altera_tse_ecc_enc_x10_wrapper.v       ;
; WIB_TSE_sim/altera_eth_tse_pcs_pma_phyip/aldec/altera_tse_ecc_enc_x14.v               ;
; WIB_TSE_sim/altera_eth_tse_pcs_pma_phyip/aldec/altera_tse_ecc_enc_x14_wrapper.v       ;
; WIB_TSE_sim/altera_eth_tse_pcs_pma_phyip/aldec/altera_tse_ecc_enc_x2.v                ;
; WIB_TSE_sim/altera_eth_tse_pcs_pma_phyip/aldec/altera_tse_ecc_enc_x23.v               ;
; WIB_TSE_sim/altera_eth_tse_pcs_pma_phyip/aldec/altera_tse_ecc_enc_x23_wrapper.v       ;
; WIB_TSE_sim/altera_eth_tse_pcs_pma_phyip/aldec/altera_tse_ecc_enc_x2_wrapper.v        ;
; WIB_TSE_sim/altera_eth_tse_pcs_pma_phyip/aldec/altera_tse_ecc_enc_x30.v               ;
; WIB_TSE_sim/altera_eth_tse_pcs_pma_phyip/aldec/altera_tse_ecc_enc_x30_wrapper.v       ;
; WIB_TSE_sim/altera_eth_tse_pcs_pma_phyip/aldec/altera_tse_ecc_enc_x36.v               ;
; WIB_TSE_sim/altera_eth_tse_pcs_pma_phyip/aldec/altera_tse_ecc_enc_x36_wrapper.v       ;
; WIB_TSE_sim/altera_eth_tse_pcs_pma_phyip/aldec/altera_tse_ecc_enc_x40.v               ;
; WIB_TSE_sim/altera_eth_tse_pcs_pma_phyip/aldec/altera_tse_ecc_enc_x40_wrapper.v       ;
; WIB_TSE_sim/altera_eth_tse_pcs_pma_phyip/aldec/altera_tse_ecc_status_crosser.v        ;
; WIB_TSE_sim/altera_eth_tse_pcs_pma_phyip/aldec/altera_tse_enc8b10b.v                  ;
; WIB_TSE_sim/altera_eth_tse_pcs_pma_phyip/aldec/altera_tse_false_path_marker.v         ;
; WIB_TSE_sim/altera_eth_tse_pcs_pma_phyip/aldec/altera_tse_gray_cnt.v                  ;
; WIB_TSE_sim/altera_eth_tse_pcs_pma_phyip/aldec/altera_tse_gxb_aligned_rxsync.v        ;
; WIB_TSE_sim/altera_eth_tse_pcs_pma_phyip/aldec/altera_tse_mdio_reg.v                  ;
; WIB_TSE_sim/altera_eth_tse_pcs_pma_phyip/aldec/altera_tse_mii_rx_if_pcs.v             ;
; WIB_TSE_sim/altera_eth_tse_pcs_pma_phyip/aldec/altera_tse_mii_tx_if_pcs.v             ;
; WIB_TSE_sim/altera_eth_tse_pcs_pma_phyip/aldec/altera_tse_pcs_control.v               ;
; WIB_TSE_sim/altera_eth_tse_pcs_pma_phyip/aldec/altera_tse_pcs_host_control.v          ;
; WIB_TSE_sim/altera_eth_tse_pcs_pma_phyip/aldec/altera_tse_ph_calculator.sv            ;
; WIB_TSE_sim/altera_eth_tse_pcs_pma_phyip/aldec/altera_tse_reset_ctrl_lego.sv          ;
; WIB_TSE_sim/altera_eth_tse_pcs_pma_phyip/aldec/altera_tse_reset_sequencer.sv          ;
; WIB_TSE_sim/altera_eth_tse_pcs_pma_phyip/aldec/altera_tse_reset_synchronizer.v        ;
; WIB_TSE_sim/altera_eth_tse_pcs_pma_phyip/aldec/altera_tse_rx_converter.v              ;
; WIB_TSE_sim/altera_eth_tse_pcs_pma_phyip/aldec/altera_tse_rx_encapsulation.v          ;
; WIB_TSE_sim/altera_eth_tse_pcs_pma_phyip/aldec/altera_tse_rx_encapsulation_strx_gx.v  ;
; WIB_TSE_sim/altera_eth_tse_pcs_pma_phyip/aldec/altera_tse_rx_fifo_rd.v                ;
; WIB_TSE_sim/altera_eth_tse_pcs_pma_phyip/aldec/altera_tse_rx_sync.v                   ;
; WIB_TSE_sim/altera_eth_tse_pcs_pma_phyip/aldec/altera_tse_sdpm_altsyncram.v           ;
; WIB_TSE_sim/altera_eth_tse_pcs_pma_phyip/aldec/altera_tse_sdpm_gen.v                  ;
; WIB_TSE_sim/altera_eth_tse_pcs_pma_phyip/aldec/altera_tse_sgmii_clk_cntl.v            ;
; WIB_TSE_sim/altera_eth_tse_pcs_pma_phyip/aldec/altera_tse_sgmii_clk_div.v             ;
; WIB_TSE_sim/altera_eth_tse_pcs_pma_phyip/aldec/altera_tse_sgmii_clk_enable.v          ;
; WIB_TSE_sim/altera_eth_tse_pcs_pma_phyip/aldec/altera_tse_top_1000_base_x.v           ;
; WIB_TSE_sim/altera_eth_tse_pcs_pma_phyip/aldec/altera_tse_top_1000_base_x_strx_gx.v   ;
; WIB_TSE_sim/altera_eth_tse_pcs_pma_phyip/aldec/altera_tse_top_autoneg.v               ;
; WIB_TSE_sim/altera_eth_tse_pcs_pma_phyip/aldec/altera_tse_top_pcs.v                   ;
; WIB_TSE_sim/altera_eth_tse_pcs_pma_phyip/aldec/altera_tse_top_pcs_strx_gx.v           ;
; WIB_TSE_sim/altera_eth_tse_pcs_pma_phyip/aldec/altera_tse_top_rx.v                    ;
; WIB_TSE_sim/altera_eth_tse_pcs_pma_phyip/aldec/altera_tse_top_rx_converter.v          ;
; WIB_TSE_sim/altera_eth_tse_pcs_pma_phyip/aldec/altera_tse_top_sgmii.v                 ;
; WIB_TSE_sim/altera_eth_tse_pcs_pma_phyip/aldec/altera_tse_top_sgmii_strx_gx.v         ;
; WIB_TSE_sim/altera_eth_tse_pcs_pma_phyip/aldec/altera_tse_top_tx.v                    ;
; WIB_TSE_sim/altera_eth_tse_pcs_pma_phyip/aldec/altera_tse_top_tx_converter.v          ;
; WIB_TSE_sim/altera_eth_tse_pcs_pma_phyip/aldec/altera_tse_tx_converter.v              ;
; WIB_TSE_sim/altera_eth_tse_pcs_pma_phyip/aldec/altera_tse_tx_encapsulation.v          ;
; WIB_TSE_sim/altera_eth_tse_pcs_pma_phyip/aldec/altera_tse_xcvr_resync.v               ;
; WIB_TSE_sim/altera_eth_tse_pcs_pma_phyip/mentor/altera_eth_tse_pcs_pma_phyip.v        ;
; WIB_TSE_sim/altera_eth_tse_pcs_pma_phyip/mentor/altera_tse_a_fifo_13.v                ;
; WIB_TSE_sim/altera_eth_tse_pcs_pma_phyip/mentor/altera_tse_a_fifo_24.v                ;
; WIB_TSE_sim/altera_eth_tse_pcs_pma_phyip/mentor/altera_tse_a_fifo_34.v                ;
; WIB_TSE_sim/altera_eth_tse_pcs_pma_phyip/mentor/altera_tse_a_fifo_opt_1246.v          ;
; WIB_TSE_sim/altera_eth_tse_pcs_pma_phyip/mentor/altera_tse_a_fifo_opt_14_44.v         ;
; WIB_TSE_sim/altera_eth_tse_pcs_pma_phyip/mentor/altera_tse_a_fifo_opt_36_10.v         ;
; WIB_TSE_sim/altera_eth_tse_pcs_pma_phyip/mentor/altera_tse_align_sync.v               ;
; WIB_TSE_sim/altera_eth_tse_pcs_pma_phyip/mentor/altera_tse_altsyncram_dpm_fifo.v      ;
; WIB_TSE_sim/altera_eth_tse_pcs_pma_phyip/mentor/altera_tse_bin_cnt.v                  ;
; WIB_TSE_sim/altera_eth_tse_pcs_pma_phyip/mentor/altera_tse_carrier_sense.v            ;
; WIB_TSE_sim/altera_eth_tse_pcs_pma_phyip/mentor/altera_tse_clk_gen.v                  ;
; WIB_TSE_sim/altera_eth_tse_pcs_pma_phyip/mentor/altera_tse_clock_crosser.v            ;
; WIB_TSE_sim/altera_eth_tse_pcs_pma_phyip/mentor/altera_tse_colision_detect.v          ;
; WIB_TSE_sim/altera_eth_tse_pcs_pma_phyip/mentor/altera_tse_dec10b8b.v                 ;
; WIB_TSE_sim/altera_eth_tse_pcs_pma_phyip/mentor/altera_tse_dec_func.v                 ;
; WIB_TSE_sim/altera_eth_tse_pcs_pma_phyip/mentor/altera_tse_ecc_dec_x10.v              ;
; WIB_TSE_sim/altera_eth_tse_pcs_pma_phyip/mentor/altera_tse_ecc_dec_x14.v              ;
; WIB_TSE_sim/altera_eth_tse_pcs_pma_phyip/mentor/altera_tse_ecc_dec_x2.v               ;
; WIB_TSE_sim/altera_eth_tse_pcs_pma_phyip/mentor/altera_tse_ecc_dec_x23.v              ;
; WIB_TSE_sim/altera_eth_tse_pcs_pma_phyip/mentor/altera_tse_ecc_dec_x30.v              ;
; WIB_TSE_sim/altera_eth_tse_pcs_pma_phyip/mentor/altera_tse_ecc_dec_x36.v              ;
; WIB_TSE_sim/altera_eth_tse_pcs_pma_phyip/mentor/altera_tse_ecc_dec_x40.v              ;
; WIB_TSE_sim/altera_eth_tse_pcs_pma_phyip/mentor/altera_tse_ecc_enc_x10.v              ;
; WIB_TSE_sim/altera_eth_tse_pcs_pma_phyip/mentor/altera_tse_ecc_enc_x10_wrapper.v      ;
; WIB_TSE_sim/altera_eth_tse_pcs_pma_phyip/mentor/altera_tse_ecc_enc_x14.v              ;
; WIB_TSE_sim/altera_eth_tse_pcs_pma_phyip/mentor/altera_tse_ecc_enc_x14_wrapper.v      ;
; WIB_TSE_sim/altera_eth_tse_pcs_pma_phyip/mentor/altera_tse_ecc_enc_x2.v               ;
; WIB_TSE_sim/altera_eth_tse_pcs_pma_phyip/mentor/altera_tse_ecc_enc_x23.v              ;
; WIB_TSE_sim/altera_eth_tse_pcs_pma_phyip/mentor/altera_tse_ecc_enc_x23_wrapper.v      ;
; WIB_TSE_sim/altera_eth_tse_pcs_pma_phyip/mentor/altera_tse_ecc_enc_x2_wrapper.v       ;
; WIB_TSE_sim/altera_eth_tse_pcs_pma_phyip/mentor/altera_tse_ecc_enc_x30.v              ;
; WIB_TSE_sim/altera_eth_tse_pcs_pma_phyip/mentor/altera_tse_ecc_enc_x30_wrapper.v      ;
; WIB_TSE_sim/altera_eth_tse_pcs_pma_phyip/mentor/altera_tse_ecc_enc_x36.v              ;
; WIB_TSE_sim/altera_eth_tse_pcs_pma_phyip/mentor/altera_tse_ecc_enc_x36_wrapper.v      ;
; WIB_TSE_sim/altera_eth_tse_pcs_pma_phyip/mentor/altera_tse_ecc_enc_x40.v              ;
; WIB_TSE_sim/altera_eth_tse_pcs_pma_phyip/mentor/altera_tse_ecc_enc_x40_wrapper.v      ;
; WIB_TSE_sim/altera_eth_tse_pcs_pma_phyip/mentor/altera_tse_ecc_status_crosser.v       ;
; WIB_TSE_sim/altera_eth_tse_pcs_pma_phyip/mentor/altera_tse_enc8b10b.v                 ;
; WIB_TSE_sim/altera_eth_tse_pcs_pma_phyip/mentor/altera_tse_false_path_marker.v        ;
; WIB_TSE_sim/altera_eth_tse_pcs_pma_phyip/mentor/altera_tse_gray_cnt.v                 ;
; WIB_TSE_sim/altera_eth_tse_pcs_pma_phyip/mentor/altera_tse_gxb_aligned_rxsync.v       ;
; WIB_TSE_sim/altera_eth_tse_pcs_pma_phyip/mentor/altera_tse_mdio_reg.v                 ;
; WIB_TSE_sim/altera_eth_tse_pcs_pma_phyip/mentor/altera_tse_mii_rx_if_pcs.v            ;
; WIB_TSE_sim/altera_eth_tse_pcs_pma_phyip/mentor/altera_tse_mii_tx_if_pcs.v            ;
; WIB_TSE_sim/altera_eth_tse_pcs_pma_phyip/mentor/altera_tse_pcs_control.v              ;
; WIB_TSE_sim/altera_eth_tse_pcs_pma_phyip/mentor/altera_tse_pcs_host_control.v         ;
; WIB_TSE_sim/altera_eth_tse_pcs_pma_phyip/mentor/altera_tse_ph_calculator.sv           ;
; WIB_TSE_sim/altera_eth_tse_pcs_pma_phyip/mentor/altera_tse_reset_ctrl_lego.sv         ;
; WIB_TSE_sim/altera_eth_tse_pcs_pma_phyip/mentor/altera_tse_reset_sequencer.sv         ;
; WIB_TSE_sim/altera_eth_tse_pcs_pma_phyip/mentor/altera_tse_reset_synchronizer.v       ;
; WIB_TSE_sim/altera_eth_tse_pcs_pma_phyip/mentor/altera_tse_rx_converter.v             ;
; WIB_TSE_sim/altera_eth_tse_pcs_pma_phyip/mentor/altera_tse_rx_encapsulation.v         ;
; WIB_TSE_sim/altera_eth_tse_pcs_pma_phyip/mentor/altera_tse_rx_encapsulation_strx_gx.v ;
; WIB_TSE_sim/altera_eth_tse_pcs_pma_phyip/mentor/altera_tse_rx_fifo_rd.v               ;
; WIB_TSE_sim/altera_eth_tse_pcs_pma_phyip/mentor/altera_tse_rx_sync.v                  ;
; WIB_TSE_sim/altera_eth_tse_pcs_pma_phyip/mentor/altera_tse_sdpm_altsyncram.v          ;
; WIB_TSE_sim/altera_eth_tse_pcs_pma_phyip/mentor/altera_tse_sdpm_gen.v                 ;
; WIB_TSE_sim/altera_eth_tse_pcs_pma_phyip/mentor/altera_tse_sgmii_clk_cntl.v           ;
; WIB_TSE_sim/altera_eth_tse_pcs_pma_phyip/mentor/altera_tse_sgmii_clk_div.v            ;
; WIB_TSE_sim/altera_eth_tse_pcs_pma_phyip/mentor/altera_tse_sgmii_clk_enable.v         ;
; WIB_TSE_sim/altera_eth_tse_pcs_pma_phyip/mentor/altera_tse_top_1000_base_x.v          ;
; WIB_TSE_sim/altera_eth_tse_pcs_pma_phyip/mentor/altera_tse_top_1000_base_x_strx_gx.v  ;
; WIB_TSE_sim/altera_eth_tse_pcs_pma_phyip/mentor/altera_tse_top_autoneg.v              ;
; WIB_TSE_sim/altera_eth_tse_pcs_pma_phyip/mentor/altera_tse_top_pcs.v                  ;
; WIB_TSE_sim/altera_eth_tse_pcs_pma_phyip/mentor/altera_tse_top_pcs_strx_gx.v          ;
; WIB_TSE_sim/altera_eth_tse_pcs_pma_phyip/mentor/altera_tse_top_rx.v                   ;
; WIB_TSE_sim/altera_eth_tse_pcs_pma_phyip/mentor/altera_tse_top_rx_converter.v         ;
; WIB_TSE_sim/altera_eth_tse_pcs_pma_phyip/mentor/altera_tse_top_sgmii.v                ;
; WIB_TSE_sim/altera_eth_tse_pcs_pma_phyip/mentor/altera_tse_top_sgmii_strx_gx.v        ;
; WIB_TSE_sim/altera_eth_tse_pcs_pma_phyip/mentor/altera_tse_top_tx.v                   ;
; WIB_TSE_sim/altera_eth_tse_pcs_pma_phyip/mentor/altera_tse_top_tx_converter.v         ;
; WIB_TSE_sim/altera_eth_tse_pcs_pma_phyip/mentor/altera_tse_tx_converter.v             ;
; WIB_TSE_sim/altera_eth_tse_pcs_pma_phyip/mentor/altera_tse_tx_encapsulation.v         ;
; WIB_TSE_sim/altera_eth_tse_pcs_pma_phyip/mentor/altera_tse_xcvr_resync.v              ;
; WIB_TSE_sim/altera_eth_tse_phyip_terminator/aldec/altera_eth_tse_phyip_terminator.v   ;
; WIB_TSE_sim/altera_eth_tse_phyip_terminator/aldec/altera_tse_fake_master.v            ;
; WIB_TSE_sim/altera_eth_tse_phyip_terminator/mentor/altera_eth_tse_phyip_terminator.v  ;
; WIB_TSE_sim/altera_eth_tse_phyip_terminator/mentor/altera_tse_fake_master.v           ;
; WIB_TSE_sim/altera_reset_controller/aldec/altera_reset_controller.v                   ;
; WIB_TSE_sim/altera_reset_controller/aldec/altera_reset_synchronizer.v                 ;
; WIB_TSE_sim/altera_reset_controller/mentor/altera_reset_controller.v                  ;
; WIB_TSE_sim/altera_reset_controller/mentor/altera_reset_synchronizer.v                ;
; WIB_TSE_sim/altera_xcvr_custom_phy/aldec_files.txt                                    ;
; WIB_TSE_sim/altera_xcvr_custom_phy/alt_xcvr_arbiter.sv                                ;
; WIB_TSE_sim/altera_xcvr_custom_phy/alt_xcvr_csr_common.sv                             ;
; WIB_TSE_sim/altera_xcvr_custom_phy/alt_xcvr_csr_common_h.sv                           ;
; WIB_TSE_sim/altera_xcvr_custom_phy/alt_xcvr_csr_pcs8g.sv                              ;
; WIB_TSE_sim/altera_xcvr_custom_phy/alt_xcvr_csr_pcs8g_h.sv                            ;
; WIB_TSE_sim/altera_xcvr_custom_phy/alt_xcvr_csr_selector.sv                           ;
; WIB_TSE_sim/altera_xcvr_custom_phy/alt_xcvr_m2s.sv                                    ;
; WIB_TSE_sim/altera_xcvr_custom_phy/alt_xcvr_mgmt2dec.sv                               ;
; WIB_TSE_sim/altera_xcvr_custom_phy/alt_xcvr_reset_counter.sv                          ;
; WIB_TSE_sim/altera_xcvr_custom_phy/alt_xcvr_resync.sv                                 ;
; WIB_TSE_sim/altera_xcvr_custom_phy/altera_wait_generate.v                             ;
; WIB_TSE_sim/altera_xcvr_custom_phy/altera_xcvr_custom.sv                              ;
; WIB_TSE_sim/altera_xcvr_custom_phy/altera_xcvr_functions.sv                           ;
; WIB_TSE_sim/altera_xcvr_custom_phy/altera_xcvr_reset_control.sv                       ;
; WIB_TSE_sim/altera_xcvr_custom_phy/av_hssi_8g_rx_pcs_rbc.sv                           ;
; WIB_TSE_sim/altera_xcvr_custom_phy/av_hssi_8g_tx_pcs_rbc.sv                           ;
; WIB_TSE_sim/altera_xcvr_custom_phy/av_hssi_common_pcs_pma_interface_rbc.sv            ;
; WIB_TSE_sim/altera_xcvr_custom_phy/av_hssi_common_pld_pcs_interface_rbc.sv            ;
; WIB_TSE_sim/altera_xcvr_custom_phy/av_hssi_pipe_gen1_2_rbc.sv                         ;
; WIB_TSE_sim/altera_xcvr_custom_phy/av_hssi_rx_pcs_pma_interface_rbc.sv                ;
; WIB_TSE_sim/altera_xcvr_custom_phy/av_hssi_rx_pld_pcs_interface_rbc.sv                ;
; WIB_TSE_sim/altera_xcvr_custom_phy/av_hssi_tx_pcs_pma_interface_rbc.sv                ;
; WIB_TSE_sim/altera_xcvr_custom_phy/av_hssi_tx_pld_pcs_interface_rbc.sv                ;
; WIB_TSE_sim/altera_xcvr_custom_phy/av_pcs.sv                                          ;
; WIB_TSE_sim/altera_xcvr_custom_phy/av_pcs_ch.sv                                       ;
; WIB_TSE_sim/altera_xcvr_custom_phy/av_pma.sv                                          ;
; WIB_TSE_sim/altera_xcvr_custom_phy/av_reconfig_bundle_to_basic.sv                     ;
; WIB_TSE_sim/altera_xcvr_custom_phy/av_reconfig_bundle_to_xcvr.sv                      ;
; WIB_TSE_sim/altera_xcvr_custom_phy/av_rx_pma.sv                                       ;
; WIB_TSE_sim/altera_xcvr_custom_phy/av_tx_pma.sv                                       ;
; WIB_TSE_sim/altera_xcvr_custom_phy/av_tx_pma_ch.sv                                    ;
; WIB_TSE_sim/altera_xcvr_custom_phy/av_xcvr_avmm.sv                                    ;
; WIB_TSE_sim/altera_xcvr_custom_phy/av_xcvr_avmm_csr.sv                                ;
; WIB_TSE_sim/altera_xcvr_custom_phy/av_xcvr_custom_native.sv                           ;
; WIB_TSE_sim/altera_xcvr_custom_phy/av_xcvr_custom_nr.sv                               ;
; WIB_TSE_sim/altera_xcvr_custom_phy/av_xcvr_data_adapter.sv                            ;
; WIB_TSE_sim/altera_xcvr_custom_phy/av_xcvr_h.sv                                       ;
; WIB_TSE_sim/altera_xcvr_custom_phy/av_xcvr_native.sv                                  ;
; WIB_TSE_sim/altera_xcvr_custom_phy/av_xcvr_plls.sv                                    ;
; WIB_TSE_sim/altera_xcvr_custom_phy/cadence_files.txt                                  ;
; WIB_TSE_sim/altera_xcvr_custom_phy/mentor/alt_xcvr_arbiter.sv                         ;
; WIB_TSE_sim/altera_xcvr_custom_phy/mentor/alt_xcvr_csr_common.sv                      ;
; WIB_TSE_sim/altera_xcvr_custom_phy/mentor/alt_xcvr_csr_common_h.sv                    ;
; WIB_TSE_sim/altera_xcvr_custom_phy/mentor/alt_xcvr_csr_pcs8g.sv                       ;
; WIB_TSE_sim/altera_xcvr_custom_phy/mentor/alt_xcvr_csr_pcs8g_h.sv                     ;
; WIB_TSE_sim/altera_xcvr_custom_phy/mentor/alt_xcvr_csr_selector.sv                    ;
; WIB_TSE_sim/altera_xcvr_custom_phy/mentor/alt_xcvr_m2s.sv                             ;
; WIB_TSE_sim/altera_xcvr_custom_phy/mentor/alt_xcvr_mgmt2dec.sv                        ;
; WIB_TSE_sim/altera_xcvr_custom_phy/mentor/alt_xcvr_reset_counter.sv                   ;
; WIB_TSE_sim/altera_xcvr_custom_phy/mentor/alt_xcvr_resync.sv                          ;
; WIB_TSE_sim/altera_xcvr_custom_phy/mentor/altera_wait_generate.v                      ;
; WIB_TSE_sim/altera_xcvr_custom_phy/mentor/altera_xcvr_custom.sv                       ;
; WIB_TSE_sim/altera_xcvr_custom_phy/mentor/altera_xcvr_functions.sv                    ;
; WIB_TSE_sim/altera_xcvr_custom_phy/mentor/altera_xcvr_reset_control.sv                ;
; WIB_TSE_sim/altera_xcvr_custom_phy/mentor/av_hssi_8g_rx_pcs_rbc.sv                    ;
; WIB_TSE_sim/altera_xcvr_custom_phy/mentor/av_hssi_8g_tx_pcs_rbc.sv                    ;
; WIB_TSE_sim/altera_xcvr_custom_phy/mentor/av_hssi_common_pcs_pma_interface_rbc.sv     ;
; WIB_TSE_sim/altera_xcvr_custom_phy/mentor/av_hssi_common_pld_pcs_interface_rbc.sv     ;
; WIB_TSE_sim/altera_xcvr_custom_phy/mentor/av_hssi_pipe_gen1_2_rbc.sv                  ;
; WIB_TSE_sim/altera_xcvr_custom_phy/mentor/av_hssi_rx_pcs_pma_interface_rbc.sv         ;
; WIB_TSE_sim/altera_xcvr_custom_phy/mentor/av_hssi_rx_pld_pcs_interface_rbc.sv         ;
; WIB_TSE_sim/altera_xcvr_custom_phy/mentor/av_hssi_tx_pcs_pma_interface_rbc.sv         ;
; WIB_TSE_sim/altera_xcvr_custom_phy/mentor/av_hssi_tx_pld_pcs_interface_rbc.sv         ;
; WIB_TSE_sim/altera_xcvr_custom_phy/mentor/av_pcs.sv                                   ;
; WIB_TSE_sim/altera_xcvr_custom_phy/mentor/av_pcs_ch.sv                                ;
; WIB_TSE_sim/altera_xcvr_custom_phy/mentor/av_pma.sv                                   ;
; WIB_TSE_sim/altera_xcvr_custom_phy/mentor/av_reconfig_bundle_to_basic.sv              ;
; WIB_TSE_sim/altera_xcvr_custom_phy/mentor/av_reconfig_bundle_to_xcvr.sv               ;
; WIB_TSE_sim/altera_xcvr_custom_phy/mentor/av_rx_pma.sv                                ;
; WIB_TSE_sim/altera_xcvr_custom_phy/mentor/av_tx_pma.sv                                ;
; WIB_TSE_sim/altera_xcvr_custom_phy/mentor/av_tx_pma_ch.sv                             ;
; WIB_TSE_sim/altera_xcvr_custom_phy/mentor/av_xcvr_avmm.sv                             ;
; WIB_TSE_sim/altera_xcvr_custom_phy/mentor/av_xcvr_avmm_csr.sv                         ;
; WIB_TSE_sim/altera_xcvr_custom_phy/mentor/av_xcvr_custom_native.sv                    ;
; WIB_TSE_sim/altera_xcvr_custom_phy/mentor/av_xcvr_custom_nr.sv                        ;
; WIB_TSE_sim/altera_xcvr_custom_phy/mentor/av_xcvr_data_adapter.sv                     ;
; WIB_TSE_sim/altera_xcvr_custom_phy/mentor/av_xcvr_h.sv                                ;
; WIB_TSE_sim/altera_xcvr_custom_phy/mentor/av_xcvr_native.sv                           ;
; WIB_TSE_sim/altera_xcvr_custom_phy/mentor/av_xcvr_plls.sv                             ;
; WIB_TSE_sim/altera_xcvr_custom_phy/mentor/sv_reconfig_bundle_merger.sv                ;
; WIB_TSE_sim/altera_xcvr_custom_phy/mentor/sv_reconfig_bundle_to_ip.sv                 ;
; WIB_TSE_sim/altera_xcvr_custom_phy/mentor/sv_reconfig_bundle_to_xcvr.sv               ;
; WIB_TSE_sim/altera_xcvr_custom_phy/mentor_files.txt                                   ;
; WIB_TSE_sim/altera_xcvr_custom_phy/plain_files.txt                                    ;
; WIB_TSE_sim/altera_xcvr_custom_phy/sv_reconfig_bundle_merger.sv                       ;
; WIB_TSE_sim/altera_xcvr_custom_phy/sv_reconfig_bundle_to_ip.sv                        ;
; WIB_TSE_sim/altera_xcvr_custom_phy/sv_reconfig_bundle_to_xcvr.sv                      ;
; WIB_TSE_sim/altera_xcvr_custom_phy/synopsys_files.txt                                 ;
; al_const_32bit.vhd                                                                    ;
; al_const_wren.vhd                                                                     ;
; assignment_defaults.qdf                                                               ;
; dif_io_bir.vhd                                                                        ;
; io_registers.vhd                                                                      ;
; mac_reg_cntl.vhd                                                                      ;
; mac_reg_read.vhd                                                                      ;
; rx_frame.vhd                                                                          ;
; sys_rst.vhd                                                                           ;
; tx_frame.vhd                                                                          ;
; tx_packet_fifo.vhd                                                                    ;
+---------------------------------------------------------------------------------------+


+--------------------+
; Files Not Restored ;
+--------------------+
; File Name          ;
+--------------------+


